{
  "linear": [
    {
      "name": "extract_images",
      "category": "interactive",
      "defaultPermission": "ask"
    },
    {
      "name": "save_comment",
      "category": "interactive",
      "defaultPermission": "ask"
    },
    {
      "name": "save_document",
      "category": "interactive",
      "defaultPermission": "ask"
    },
    {
      "name": "save_issue",
      "category": "interactive",
      "defaultPermission": "ask"
    },
    {
      "name": "save_milestone",
      "category": "interactive",
      "defaultPermission": "ask"
    },
    {
      "name": "save_project",
      "category": "interactive",
      "defaultPermission": "ask"
    },
    {
      "name": "get_attachment",
      "category": "read",
      "defaultPermission": "always_allow"
    },
    {
      "name": "get_document",
      "category": "read",
      "defaultPermission": "always_allow"
    },
    {
      "name": "get_issue",
      "category": "read",
      "defaultPermission": "always_allow"
    },
    {
      "name": "get_issue_status",
      "category": "read",
      "defaultPermission": "always_allow"
    },
    {
      "name": "get_milestone",
      "category": "read",
      "defaultPermission": "always_allow"
    },
    {
      "name": "get_project",
      "category": "read",
      "defaultPermission": "always_allow"
    },
    {
      "name": "get_team",
      "category": "read",
      "defaultPermission": "always_allow"
    },
    {
      "name": "get_user",
      "category": "read",
      "defaultPermission": "always_allow"
    },
    {
      "name": "list_comments",
      "category": "read",
      "defaultPermission": "always_allow"
    },
    {
      "name": "list_cycles",
      "category": "read",
      "defaultPermission": "always_allow"
    },
    {
      "name": "list_documents",
      "category": "read",
      "defaultPermission": "always_allow"
    },
    {
      "name": "list_issue_labels",
      "category": "read",
      "defaultPermission": "always_allow"
    },
    {
      "name": "list_issue_statuses",
      "category": "read",
      "defaultPermission": "always_allow"
    },
    {
      "name": "list_issues",
      "category": "read",
      "defaultPermission": "always_allow"
    },
    {
      "name": "list_milestones",
      "category": "read",
      "defaultPermission": "always_allow"
    },
    {
      "name": "list_project_labels",
      "category": "read",
      "defaultPermission": "always_allow"
    },
    {
      "name": "list_projects",
      "category": "read",
      "defaultPermission": "always_allow"
    },
    {
      "name": "list_teams",
      "category": "read",
      "defaultPermission": "always_allow"
    },
    {
      "name": "list_users",
      "category": "read",
      "defaultPermission": "always_allow"
    },
    {
      "name": "search_documentation",
      "category": "read",
      "defaultPermission": "always_allow"
    },
    {
      "name": "create_attachment",
      "category": "write",
      "defaultPermission": "ask"
    },
    {
      "name": "create_issue_label",
      "category": "write",
      "defaultPermission": "ask"
    },
    {
      "name": "delete_attachment",
      "category": "write",
      "defaultPermission": "ask"
    },
    {
      "name": "delete_comment",
      "category": "write",
      "defaultPermission": "ask"
    }
  ],
  "sentry": [
    {
      "name": "analyze_issue_with_seer",
      "category": "interactive",
      "defaultPermission": "ask"
    },
    {
      "name": "whoami",
      "category": "interactive",
      "defaultPermission": "ask"
    },
    {
      "name": "find_dsns",
      "category": "read",
      "defaultPermission": "always_allow"
    },
    {
      "name": "find_organizations",
      "category": "read",
      "defaultPermission": "always_allow"
    },
    {
      "name": "find_projects",
      "category": "read",
      "defaultPermission": "always_allow"
    },
    {
      "name": "find_releases",
      "category": "read",
      "defaultPermission": "always_allow"
    },
    {
      "name": "find_teams",
      "category": "read",
      "defaultPermission": "always_allow"
    },
    {
      "name": "get_doc",
      "category": "read",
      "defaultPermission": "always_allow"
    },
    {
      "name": "get_event_attachment",
      "category": "read",
      "defaultPermission": "always_allow"
    },
    {
      "name": "get_issue_tag_values",
      "category": "read",
      "defaultPermission": "always_allow"
    },
    {
      "name": "get_profile_details",
      "category": "read",
      "defaultPermission": "always_allow"
    },
    {
      "name": "get_replay_details",
      "category": "read",
      "defaultPermission": "always_allow"
    },
    {
      "name": "get_sentry_resource",
      "category": "read",
      "defaultPermission": "always_allow"
    },
    {
      "name": "list_events",
      "category": "read",
      "defaultPermission": "always_allow"
    },
    {
      "name": "list_issue_events",
      "category": "read",
      "defaultPermission": "always_allow"
    },
    {
      "name": "list_issues",
      "category": "read",
      "defaultPermission": "always_allow"
    },
    {
      "name": "search_docs",
      "category": "read",
      "defaultPermission": "always_allow"
    },
    {
      "name": "create_dsn",
      "category": "write",
      "defaultPermission": "ask"
    },
    {
      "name": "create_project",
      "category": "write",
      "defaultPermission": "ask"
    },
    {
      "name": "create_team",
      "category": "write",
      "defaultPermission": "ask"
    },
    {
      "name": "update_issue",
      "category": "write",
      "defaultPermission": "ask"
    },
    {
      "name": "update_project",
      "category": "write",
      "defaultPermission": "ask"
    }
  ]
}
